1786477162.367660 client started (58682): version 3.7b, socket /private/tmp/tmux-501/default, protocol 8
1786477162.367709 on Darwin 25.6.0 Darwin Kernel Version 25.6.0: Sat Jul 11 15:25:26 PDT 2026; root:xnu-12377.161.13~4/RELEASE_ARM64_T6030
1786477162.367720 using libevent 2.1.13-stable select
1786477162.367924 using utf8proc 2.11.3
1786477162.367935 using ncurses 6.6 20251230
1786477162.367951 flags are 0x10010000
1786477162.367957 socket is /private/tmp/tmux-501/default
1786477162.367968 trying connect
1786477162.367996 add peer 0x10354a1d0: 6 (0x0)
1786477162.370152 sending message 111 to peer 0x10354a1d0 (8 bytes)
1786477162.370164 sending message 111 to peer 0x10354a1d0 (8 bytes)
1786477162.370171 sending message 101 to peer 0x10354a1d0 (14 bytes)
1786477162.370177 sending message 109 to peer 0x10354a1d0 (4 bytes)
1786477162.370182 sending message 102 to peer 0x10354a1d0 (13 bytes)
1786477162.370188 sending message 108 to peer 0x10354a1d0 (33 bytes)
1786477162.370194 sending message 112 to peer 0x10354a1d0 (70 bytes)
1786477162.370200 sending message 112 to peer 0x10354a1d0 (5 bytes)
1786477162.370208 sending message 112 to peer 0x10354a1d0 (5 bytes)
1786477162.370215 sending message 112 to peer 0x10354a1d0 (6 bytes)
1786477162.370221 sending message 112 to peer 0x10354a1d0 (6 bytes)
1786477162.370226 sending message 112 to peer 0x10354a1d0 (11 bytes)
1786477162.370232 sending message 112 to peer 0x10354a1d0 (10 bytes)
1786477162.370237 sending message 112 to peer 0x10354a1d0 (13 bytes)
1786477162.370243 sending message 112 to peer 0x10354a1d0 (13 bytes)
1786477162.370248 sending message 112 to peer 0x10354a1d0 (18 bytes)
1786477162.370253 sending message 112 to peer 0x10354a1d0 (11 bytes)
1786477162.370259 sending message 112 to peer 0x10354a1d0 (10 bytes)
1786477162.370264 sending message 112 to peer 0x10354a1d0 (15 bytes)
1786477162.370270 sending message 112 to peer 0x10354a1d0 (21 bytes)
1786477162.370275 sending message 112 to peer 0x10354a1d0 (13 bytes)
1786477162.370280 sending message 112 to peer 0x10354a1d0 (7 bytes)
1786477162.370286 sending message 112 to peer 0x10354a1d0 (13 bytes)
1786477162.370291 sending message 112 to peer 0x10354a1d0 (7 bytes)
1786477162.370296 sending message 112 to peer 0x10354a1d0 (13 bytes)
1786477162.370301 sending message 112 to peer 0x10354a1d0 (9 bytes)
1786477162.370307 sending message 112 to peer 0x10354a1d0 (21 bytes)
1786477162.370312 sending message 112 to peer 0x10354a1d0 (13 bytes)
1786477162.370317 sending message 112 to peer 0x10354a1d0 (8 bytes)
1786477162.370322 sending message 112 to peer 0x10354a1d0 (12 bytes)
1786477162.370328 sending message 112 to peer 0x10354a1d0 (13 bytes)
1786477162.370335 sending message 112 to peer 0x10354a1d0 (9 bytes)
1786477162.370342 sending message 112 to peer 0x10354a1d0 (9 bytes)
1786477162.370347 sending message 112 to peer 0x10354a1d0 (12 bytes)
1786477162.370352 sending message 112 to peer 0x10354a1d0 (8 bytes)
1786477162.370357 sending message 112 to peer 0x10354a1d0 (8 bytes)
1786477162.370363 sending message 112 to peer 0x10354a1d0 (7 bytes)
1786477162.370368 sending message 112 to peer 0x10354a1d0 (7 bytes)
1786477162.370373 sending message 112 to peer 0x10354a1d0 (9 bytes)
1786477162.370378 sending message 112 to peer 0x10354a1d0 (13 bytes)
1786477162.370384 sending message 112 to peer 0x10354a1d0 (6 bytes)
1786477162.370389 sending message 112 to peer 0x10354a1d0 (9 bytes)
1786477162.370394 sending message 112 to peer 0x10354a1d0 (15 bytes)
1786477162.370399 sending message 112 to peer 0x10354a1d0 (13 bytes)
1786477162.370404 sending message 112 to peer 0x10354a1d0 (12 bytes)
1786477162.370409 sending message 112 to peer 0x10354a1d0 (8 bytes)
1786477162.370415 sending message 112 to peer 0x10354a1d0 (14 bytes)
1786477162.370420 sending message 112 to peer 0x10354a1d0 (11 bytes)
1786477162.370425 sending message 112 to peer 0x10354a1d0 (9 bytes)
1786477162.370430 sending message 112 to peer 0x10354a1d0 (10 bytes)
1786477162.370435 sending message 112 to peer 0x10354a1d0 (10 bytes)
1786477162.370440 sending message 112 to peer 0x10354a1d0 (10 bytes)
1786477162.370452 sending message 112 to peer 0x10354a1d0 (10 bytes)
1786477162.370456 sending message 112 to peer 0x10354a1d0 (11 bytes)
1786477162.370461 sending message 112 to peer 0x10354a1d0 (12 bytes)
1786477162.370464 sending message 112 to peer 0x10354a1d0 (12 bytes)
1786477162.370468 sending message 112 to peer 0x10354a1d0 (12 bytes)
1786477162.370471 sending message 112 to peer 0x10354a1d0 (12 bytes)
1786477162.370475 sending message 112 to peer 0x10354a1d0 (12 bytes)
1786477162.370480 sending message 112 to peer 0x10354a1d0 (11 bytes)
1786477162.370484 sending message 112 to peer 0x10354a1d0 (11 bytes)
1786477162.370488 sending message 112 to peer 0x10354a1d0 (12 bytes)
1786477162.370492 sending message 112 to peer 0x10354a1d0 (12 bytes)
1786477162.370495 sending message 112 to peer 0x10354a1d0 (12 bytes)
1786477162.370498 sending message 112 to peer 0x10354a1d0 (12 bytes)
1786477162.370502 sending message 112 to peer 0x10354a1d0 (12 bytes)
1786477162.370505 sending message 112 to peer 0x10354a1d0 (10 bytes)
1786477162.370509 sending message 112 to peer 0x10354a1d0 (12 bytes)
1786477162.370512 sending message 112 to peer 0x10354a1d0 (13 bytes)
1786477162.370515 sending message 112 to peer 0x10354a1d0 (13 bytes)
1786477162.370519 sending message 112 to peer 0x10354a1d0 (13 bytes)
1786477162.370522 sending message 112 to peer 0x10354a1d0 (13 bytes)
1786477162.370525 sending message 112 to peer 0x10354a1d0 (13 bytes)
1786477162.370529 sending message 112 to peer 0x10354a1d0 (8 bytes)
1786477162.370532 sending message 112 to peer 0x10354a1d0 (11 bytes)
1786477162.370536 sending message 112 to peer 0x10354a1d0 (11 bytes)
1786477162.370539 sending message 112 to peer 0x10354a1d0 (11 bytes)
1786477162.370542 sending message 112 to peer 0x10354a1d0 (12 bytes)
1786477162.370546 sending message 112 to peer 0x10354a1d0 (12 bytes)
1786477162.370549 sending message 112 to peer 0x10354a1d0 (12 bytes)
1786477162.370552 sending message 112 to peer 0x10354a1d0 (12 bytes)
1786477162.370556 sending message 112 to peer 0x10354a1d0 (13 bytes)
1786477162.370559 sending message 112 to peer 0x10354a1d0 (13 bytes)
1786477162.370562 sending message 112 to peer 0x10354a1d0 (13 bytes)
1786477162.370566 sending message 112 to peer 0x10354a1d0 (8 bytes)
1786477162.370569 sending message 112 to peer 0x10354a1d0 (13 bytes)
1786477162.370572 sending message 112 to peer 0x10354a1d0 (13 bytes)
1786477162.370576 sending message 112 to peer 0x10354a1d0 (13 bytes)
1786477162.370579 sending message 112 to peer 0x10354a1d0 (13 bytes)
1786477162.370582 sending message 112 to peer 0x10354a1d0 (13 bytes)
1786477162.370586 sending message 112 to peer 0x10354a1d0 (12 bytes)
1786477162.370589 sending message 112 to peer 0x10354a1d0 (12 bytes)
1786477162.370592 sending message 112 to peer 0x10354a1d0 (12 bytes)
1786477162.370596 sending message 112 to peer 0x10354a1d0 (12 bytes)
1786477162.370599 sending message 112 to peer 0x10354a1d0 (13 bytes)
1786477162.370602 sending message 112 to peer 0x10354a1d0 (8 bytes)
1786477162.370606 sending message 112 to peer 0x10354a1d0 (13 bytes)
1786477162.370609 sending message 112 to peer 0x10354a1d0 (13 bytes)
1786477162.370612 sending message 112 to peer 0x10354a1d0 (13 bytes)
1786477162.370616 sending message 112 to peer 0x10354a1d0 (13 bytes)
1786477162.370619 sending message 112 to peer 0x10354a1d0 (13 bytes)
1786477162.370623 sending message 112 to peer 0x10354a1d0 (13 bytes)
1786477162.370626 sending message 112 to peer 0x10354a1d0 (13 bytes)
1786477162.370629 sending message 112 to peer 0x10354a1d0 (12 bytes)
1786477162.370633 sending message 112 to peer 0x10354a1d0 (12 bytes)
1786477162.370636 sending message 112 to peer 0x10354a1d0 (12 bytes)
1786477162.370639 sending message 112 to peer 0x10354a1d0 (8 bytes)
1786477162.370643 sending message 112 to peer 0x10354a1d0 (12 bytes)
1786477162.370646 sending message 112 to peer 0x10354a1d0 (13 bytes)
1786477162.370649 sending message 112 to peer 0x10354a1d0 (13 bytes)
1786477162.370653 sending message 112 to peer 0x10354a1d0 (13 bytes)
1786477162.370662 sending message 112 to peer 0x10354a1d0 (13 bytes)
1786477162.370665 sending message 112 to peer 0x10354a1d0 (13 bytes)
1786477162.370668 sending message 112 to peer 0x10354a1d0 (13 bytes)
1786477162.370672 sending message 112 to peer 0x10354a1d0 (13 bytes)
1786477162.370675 sending message 112 to peer 0x10354a1d0 (13 bytes)
1786477162.370679 sending message 112 to peer 0x10354a1d0 (12 bytes)
1786477162.370682 sending message 112 to peer 0x10354a1d0 (10 bytes)
1786477162.370685 sending message 112 to peer 0x10354a1d0 (12 bytes)
1786477162.370689 sending message 112 to peer 0x10354a1d0 (12 bytes)
1786477162.370692 sending message 112 to peer 0x10354a1d0 (12 bytes)
1786477162.370695 sending message 112 to peer 0x10354a1d0 (13 bytes)
1786477162.370699 sending message 112 to peer 0x10354a1d0 (13 bytes)
1786477162.370702 sending message 112 to peer 0x10354a1d0 (13 bytes)
1786477162.370705 sending message 112 to peer 0x10354a1d0 (13 bytes)
1786477162.370709 sending message 112 to peer 0x10354a1d0 (13 bytes)
1786477162.370712 sending message 112 to peer 0x10354a1d0 (13 bytes)
1786477162.370715 sending message 112 to peer 0x10354a1d0 (13 bytes)
1786477162.370719 sending message 112 to peer 0x10354a1d0 (10 bytes)
1786477162.370722 sending message 112 to peer 0x10354a1d0 (13 bytes)
1786477162.370725 sending message 112 to peer 0x10354a1d0 (12 bytes)
1786477162.370729 sending message 112 to peer 0x10354a1d0 (12 bytes)
1786477162.370732 sending message 112 to peer 0x10354a1d0 (12 bytes)
1786477162.370735 sending message 112 to peer 0x10354a1d0 (10 bytes)
1786477162.370739 sending message 112 to peer 0x10354a1d0 (10 bytes)
1786477162.370742 sending message 112 to peer 0x10354a1d0 (10 bytes)
1786477162.370746 sending message 112 to peer 0x10354a1d0 (12 bytes)
1786477162.370749 sending message 112 to peer 0x10354a1d0 (13 bytes)
1786477162.370752 sending message 112 to peer 0x10354a1d0 (13 bytes)
1786477162.370756 sending message 112 to peer 0x10354a1d0 (13 bytes)
1786477162.370759 sending message 112 to peer 0x10354a1d0 (13 bytes)
1786477162.370762 sending message 112 to peer 0x10354a1d0 (13 bytes)
1786477162.370766 sending message 112 to peer 0x10354a1d0 (11 bytes)
1786477162.370769 sending message 112 to peer 0x10354a1d0 (11 bytes)
1786477162.370773 sending message 112 to peer 0x10354a1d0 (12 bytes)
1786477162.370776 sending message 112 to peer 0x10354a1d0 (12 bytes)
1786477162.370779 sending message 112 to peer 0x10354a1d0 (12 bytes)
1786477162.370783 sending message 112 to peer 0x10354a1d0 (12 bytes)
1786477162.370786 sending message 112 to peer 0x10354a1d0 (12 bytes)
1786477162.370789 sending message 112 to peer 0x10354a1d0 (11 bytes)
1786477162.370793 sending message 112 to peer 0x10354a1d0 (12 bytes)
1786477162.370796 sending message 112 to peer 0x10354a1d0 (12 bytes)
1786477162.370800 sending message 112 to peer 0x10354a1d0 (13 bytes)
1786477162.370803 sending message 112 to peer 0x10354a1d0 (13 bytes)
1786477162.370806 sending message 112 to peer 0x10354a1d0 (13 bytes)
1786477162.370810 sending message 112 to peer 0x10354a1d0 (13 bytes)
1786477162.370813 sending message 112 to peer 0x10354a1d0 (13 bytes)
1786477162.370816 sending message 112 to peer 0x10354a1d0 (10 bytes)
1786477162.370820 sending message 112 to peer 0x10354a1d0 (9 bytes)
1786477162.370823 sending message 112 to peer 0x10354a1d0 (12 bytes)
1786477162.370826 sending message 112 to peer 0x10354a1d0 (13 bytes)
1786477162.370830 sending message 112 to peer 0x10354a1d0 (13 bytes)
1786477162.370833 sending message 112 to peer 0x10354a1d0 (13 bytes)
1786477162.370836 sending message 112 to peer 0x10354a1d0 (13 bytes)
1786477162.370840 sending message 112 to peer 0x10354a1d0 (13 bytes)
1786477162.370843 sending message 112 to peer 0x10354a1d0 (9 bytes)
1786477162.370846 sending message 112 to peer 0x10354a1d0 (12 bytes)
1786477162.370850 sending message 112 to peer 0x10354a1d0 (13 bytes)
1786477162.370853 sending message 112 to peer 0x10354a1d0 (13 bytes)
1786477162.370856 sending message 112 to peer 0x10354a1d0 (13 bytes)
1786477162.370860 sending message 112 to peer 0x10354a1d0 (13 bytes)
1786477162.370867 sending message 112 to peer 0x10354a1d0 (13 bytes)
1786477162.370871 sending message 112 to peer 0x10354a1d0 (11 bytes)
1786477162.370874 sending message 112 to peer 0x10354a1d0 (12 bytes)
1786477162.370877 sending message 112 to peer 0x10354a1d0 (13 bytes)
1786477162.370881 sending message 112 to peer 0x10354a1d0 (13 bytes)
1786477162.370884 sending message 112 to peer 0x10354a1d0 (13 bytes)
1786477162.370887 sending message 112 to peer 0x10354a1d0 (13 bytes)
1786477162.370891 sending message 112 to peer 0x10354a1d0 (13 bytes)
1786477162.370894 sending message 112 to peer 0x10354a1d0 (11 bytes)
1786477162.370897 sending message 112 to peer 0x10354a1d0 (12 bytes)
1786477162.370901 sending message 112 to peer 0x10354a1d0 (12 bytes)
1786477162.370904 sending message 112 to peer 0x10354a1d0 (12 bytes)
1786477162.370907 sending message 112 to peer 0x10354a1d0 (12 bytes)
1786477162.370911 sending message 112 to peer 0x10354a1d0 (12 bytes)
1786477162.370914 sending message 112 to peer 0x10354a1d0 (21 bytes)
1786477162.370917 sending message 112 to peer 0x10354a1d0 (12 bytes)
1786477162.370921 sending message 112 to peer 0x10354a1d0 (9 bytes)
1786477162.370924 sending message 112 to peer 0x10354a1d0 (6 bytes)
1786477162.370928 sending message 112 to peer 0x10354a1d0 (13 bytes)
1786477162.370931 sending message 112 to peer 0x10354a1d0 (8 bytes)
1786477162.370934 sending message 112 to peer 0x10354a1d0 (15 bytes)
1786477162.370938 sending message 112 to peer 0x10354a1d0 (13 bytes)
1786477162.370941 sending message 112 to peer 0x10354a1d0 (9 bytes)
1786477162.370944 sending message 112 to peer 0x10354a1d0 (70 bytes)
1786477162.370948 sending message 112 to peer 0x10354a1d0 (69 bytes)
1786477162.370951 sending message 112 to peer 0x10354a1d0 (10 bytes)
1786477162.370955 sending message 112 to peer 0x10354a1d0 (10 bytes)
1786477162.370958 sending message 112 to peer 0x10354a1d0 (8 bytes)
1786477162.370968 sending message 112 to peer 0x10354a1d0 (15 bytes)
1786477162.370971 sending message 112 to peer 0x10354a1d0 (13 bytes)
1786477162.370975 sending message 112 to peer 0x10354a1d0 (10 bytes)
1786477162.370978 sending message 112 to peer 0x10354a1d0 (10 bytes)
1786477162.370982 sending message 112 to peer 0x10354a1d0 (17 bytes)
1786477162.370985 sending message 112 to peer 0x10354a1d0 (10 bytes)
1786477162.370988 sending message 112 to peer 0x10354a1d0 (13 bytes)
1786477162.370992 sending message 112 to peer 0x10354a1d0 (9 bytes)
1786477162.370995 sending message 112 to peer 0x10354a1d0 (5 bytes)
1786477162.370999 sending message 112 to peer 0x10354a1d0 (15 bytes)
1786477162.371003 sending message 104 to peer 0x10354a1d0 (0 bytes)
1786477162.371007 sending message 110 to peer 0x10354a1d0 (0 bytes)
1786477162.371010 sending message 107 to peer 0x10354a1d0 (4 bytes)
1786477162.371014 sending message 105 to peer 0x10354a1d0 (20 bytes)
1786477162.371017 sending message 105 to peer 0x10354a1d0 (22 bytes)
1786477162.371021 sending message 105 to peer 0x10354a1d0 (12 bytes)
1786477162.371024 sending message 105 to peer 0x10354a1d0 (1934 bytes)
1786477162.371028 sending message 105 to peer 0x10354a1d0 (166 bytes)
1786477162.371032 sending message 105 to peer 0x10354a1d0 (171 bytes)
1786477162.371035 sending message 105 to peer 0x10354a1d0 (57 bytes)
1786477162.371039 sending message 105 to peer 0x10354a1d0 (75 bytes)
1786477162.371042 sending message 105 to peer 0x10354a1d0 (33 bytes)
1786477162.371046 sending message 105 to peer 0x10354a1d0 (19 bytes)
1786477162.371049 sending message 105 to peer 0x10354a1d0 (37 bytes)
1786477162.371053 sending message 105 to peer 0x10354a1d0 (30 bytes)
1786477162.371056 sending message 105 to peer 0x10354a1d0 (34 bytes)
1786477162.371060 sending message 105 to peer 0x10354a1d0 (110 bytes)
1786477162.371063 sending message 105 to peer 0x10354a1d0 (17 bytes)
1786477162.371067 sending message 105 to peer 0x10354a1d0 (8 bytes)
1786477162.371070 sending message 105 to peer 0x10354a1d0 (15 bytes)
1786477162.371074 sending message 105 to peer 0x10354a1d0 (32 bytes)
1786477162.371083 sending message 105 to peer 0x10354a1d0 (96 bytes)
1786477162.371099 sending message 105 to peer 0x10354a1d0 (54 bytes)
1786477162.371103 sending message 105 to peer 0x10354a1d0 (158 bytes)
1786477162.371107 sending message 105 to peer 0x10354a1d0 (54 bytes)
1786477162.371110 sending message 105 to peer 0x10354a1d0 (16 bytes)
1786477162.371113 sending message 105 to peer 0x10354a1d0 (27 bytes)
1786477162.371117 sending message 105 to peer 0x10354a1d0 (63 bytes)
1786477162.371121 sending message 105 to peer 0x10354a1d0 (40 bytes)
1786477162.371124 sending message 105 to peer 0x10354a1d0 (18 bytes)
1786477162.371128 sending message 105 to peer 0x10354a1d0 (11 bytes)
1786477162.371131 sending message 105 to peer 0x10354a1d0 (500 bytes)
1786477162.371135 sending message 105 to peer 0x10354a1d0 (37 bytes)
1786477162.371138 sending message 105 to peer 0x10354a1d0 (32 bytes)
1786477162.371141 sending message 105 to peer 0x10354a1d0 (16 bytes)
1786477162.371145 sending message 105 to peer 0x10354a1d0 (26 bytes)
1786477162.371148 sending message 105 to peer 0x10354a1d0 (24 bytes)
1786477162.371151 sending message 105 to peer 0x10354a1d0 (15 bytes)
1786477162.371155 sending message 105 to peer 0x10354a1d0 (8 bytes)
1786477162.371158 sending message 105 to peer 0x10354a1d0 (62 bytes)
1786477162.371162 sending message 105 to peer 0x10354a1d0 (19 bytes)
1786477162.371165 sending message 105 to peer 0x10354a1d0 (63 bytes)
1786477162.371168 sending message 105 to peer 0x10354a1d0 (18 bytes)
1786477162.371172 sending message 105 to peer 0x10354a1d0 (26 bytes)
1786477162.371175 sending message 105 to peer 0x10354a1d0 (57 bytes)
1786477162.371179 sending message 105 to peer 0x10354a1d0 (43 bytes)
1786477162.371184 sending message 105 to peer 0x10354a1d0 (14 bytes)
1786477162.371190 sending message 105 to peer 0x10354a1d0 (12 bytes)
1786477162.371195 sending message 105 to peer 0x10354a1d0 (29 bytes)
1786477162.371198 sending message 105 to peer 0x10354a1d0 (12 bytes)
1786477162.371201 sending message 105 to peer 0x10354a1d0 (98 bytes)
1786477162.371205 sending message 105 to peer 0x10354a1d0 (14 bytes)
1786477162.371208 sending message 105 to peer 0x10354a1d0 (19 bytes)
1786477162.371212 sending message 105 to peer 0x10354a1d0 (19 bytes)
1786477162.371215 sending message 105 to peer 0x10354a1d0 (29 bytes)
1786477162.371218 sending message 105 to peer 0x10354a1d0 (43 bytes)
1786477162.371222 sending message 105 to peer 0x10354a1d0 (32 bytes)
1786477162.371225 sending message 105 to peer 0x10354a1d0 (25 bytes)
1786477162.371229 sending message 106 to peer 0x10354a1d0 (0 bytes)
1786477162.371297 sending message 200 to peer 0x10354a1d0 (4 bytes)
1786477162.371303 client loop enter
1786477162.371482 peer 0x10354a1d0 message 303
1786477162.371488 open write file 2 -
1786477162.371497 sending message 305 to peer 0x10354a1d0 (8 bytes)
1786477162.371509 write check file 2
1786477162.371529 peer 0x10354a1d0 message 304
1786477162.371533 write 58 to file 2
1786477162.371538 peer 0x10354a1d0 message 203
1786477162.371542 file 2 58 bytes left
1786477162.371553 write check file 2
1786477162.371557 client loop exit
