1786477172.020178 client started (59313): version 3.7b, socket /private/tmp/tmux-501/default, protocol 8
1786477172.020247 on Darwin 25.6.0 Darwin Kernel Version 25.6.0: Sat Jul 11 15:25:26 PDT 2026; root:xnu-12377.161.13~4/RELEASE_ARM64_T6030
1786477172.020260 using libevent 2.1.13-stable select
1786477172.020271 using utf8proc 2.11.3
1786477172.020278 using ncurses 6.6 20251230
1786477172.020294 flags are 0x18010000
1786477172.020300 socket is /private/tmp/tmux-501/default
1786477172.020316 trying connect
1786477172.020352 add peer 0x103572690: 6 (0x0)
1786477172.021825 sending message 111 to peer 0x103572690 (8 bytes)
1786477172.021835 sending message 111 to peer 0x103572690 (8 bytes)
1786477172.021840 sending message 101 to peer 0x103572690 (14 bytes)
1786477172.021844 sending message 109 to peer 0x103572690 (4 bytes)
1786477172.021847 sending message 102 to peer 0x103572690 (13 bytes)
1786477172.021850 sending message 108 to peer 0x103572690 (33 bytes)
1786477172.021854 sending message 112 to peer 0x103572690 (70 bytes)
1786477172.021857 sending message 112 to peer 0x103572690 (5 bytes)
1786477172.021862 sending message 112 to peer 0x103572690 (6 bytes)
1786477172.021866 sending message 112 to peer 0x103572690 (6 bytes)
1786477172.021870 sending message 112 to peer 0x103572690 (11 bytes)
1786477172.021873 sending message 112 to peer 0x103572690 (10 bytes)
1786477172.021876 sending message 112 to peer 0x103572690 (13 bytes)
1786477172.021880 sending message 112 to peer 0x103572690 (14 bytes)
1786477172.021883 sending message 112 to peer 0x103572690 (19 bytes)
1786477172.021886 sending message 112 to peer 0x103572690 (11 bytes)
1786477172.021890 sending message 112 to peer 0x103572690 (21 bytes)
1786477172.021893 sending message 112 to peer 0x103572690 (13 bytes)
1786477172.021897 sending message 112 to peer 0x103572690 (7 bytes)
1786477172.021904 sending message 112 to peer 0x103572690 (13 bytes)
1786477172.021907 sending message 112 to peer 0x103572690 (7 bytes)
1786477172.021911 sending message 112 to peer 0x103572690 (13 bytes)
1786477172.021914 sending message 112 to peer 0x103572690 (9 bytes)
1786477172.021917 sending message 112 to peer 0x103572690 (21 bytes)
1786477172.021920 sending message 112 to peer 0x103572690 (13 bytes)
1786477172.021923 sending message 112 to peer 0x103572690 (9 bytes)
1786477172.021926 sending message 112 to peer 0x103572690 (16 bytes)
1786477172.021929 sending message 112 to peer 0x103572690 (13 bytes)
1786477172.021932 sending message 112 to peer 0x103572690 (9 bytes)
1786477172.021935 sending message 112 to peer 0x103572690 (9 bytes)
1786477172.021938 sending message 112 to peer 0x103572690 (12 bytes)
1786477172.021941 sending message 112 to peer 0x103572690 (8 bytes)
1786477172.021945 sending message 112 to peer 0x103572690 (13 bytes)
1786477172.021950 sending message 112 to peer 0x103572690 (7 bytes)
1786477172.021953 sending message 112 to peer 0x103572690 (7 bytes)
1786477172.021956 sending message 112 to peer 0x103572690 (9 bytes)
1786477172.021959 sending message 112 to peer 0x103572690 (6 bytes)
1786477172.021962 sending message 112 to peer 0x103572690 (9 bytes)
1786477172.021965 sending message 112 to peer 0x103572690 (15 bytes)
1786477172.021968 sending message 112 to peer 0x103572690 (13 bytes)
1786477172.021971 sending message 112 to peer 0x103572690 (9 bytes)
1786477172.021974 sending message 112 to peer 0x103572690 (12 bytes)
1786477172.021977 sending message 112 to peer 0x103572690 (8 bytes)
1786477172.021980 sending message 112 to peer 0x103572690 (14 bytes)
1786477172.021983 sending message 112 to peer 0x103572690 (11 bytes)
1786477172.021986 sending message 112 to peer 0x103572690 (9 bytes)
1786477172.021989 sending message 112 to peer 0x103572690 (10 bytes)
1786477172.021992 sending message 112 to peer 0x103572690 (10 bytes)
1786477172.021995 sending message 112 to peer 0x103572690 (10 bytes)
1786477172.021998 sending message 112 to peer 0x103572690 (10 bytes)
1786477172.022001 sending message 112 to peer 0x103572690 (11 bytes)
1786477172.022004 sending message 112 to peer 0x103572690 (11 bytes)
1786477172.022013 sending message 112 to peer 0x103572690 (9 bytes)
1786477172.022015 sending message 112 to peer 0x103572690 (12 bytes)
1786477172.022018 sending message 112 to peer 0x103572690 (8 bytes)
1786477172.022020 sending message 112 to peer 0x103572690 (11 bytes)
1786477172.022022 sending message 112 to peer 0x103572690 (11 bytes)
1786477172.022025 sending message 112 to peer 0x103572690 (11 bytes)
1786477172.022027 sending message 112 to peer 0x103572690 (12 bytes)
1786477172.022030 sending message 112 to peer 0x103572690 (12 bytes)
1786477172.022032 sending message 112 to peer 0x103572690 (12 bytes)
1786477172.022035 sending message 112 to peer 0x103572690 (12 bytes)
1786477172.022037 sending message 112 to peer 0x103572690 (13 bytes)
1786477172.022041 sending message 112 to peer 0x103572690 (13 bytes)
1786477172.022044 sending message 112 to peer 0x103572690 (13 bytes)
1786477172.022048 sending message 112 to peer 0x103572690 (8 bytes)
1786477172.022051 sending message 112 to peer 0x103572690 (13 bytes)
1786477172.022054 sending message 112 to peer 0x103572690 (13 bytes)
1786477172.022057 sending message 112 to peer 0x103572690 (13 bytes)
1786477172.022059 sending message 112 to peer 0x103572690 (13 bytes)
1786477172.022061 sending message 112 to peer 0x103572690 (13 bytes)
1786477172.022063 sending message 112 to peer 0x103572690 (12 bytes)
1786477172.022066 sending message 112 to peer 0x103572690 (12 bytes)
1786477172.022068 sending message 112 to peer 0x103572690 (12 bytes)
1786477172.022070 sending message 112 to peer 0x103572690 (12 bytes)
1786477172.022072 sending message 112 to peer 0x103572690 (13 bytes)
1786477172.022075 sending message 112 to peer 0x103572690 (8 bytes)
1786477172.022077 sending message 112 to peer 0x103572690 (13 bytes)
1786477172.022079 sending message 112 to peer 0x103572690 (13 bytes)
1786477172.022082 sending message 112 to peer 0x103572690 (13 bytes)
1786477172.022084 sending message 112 to peer 0x103572690 (13 bytes)
1786477172.022086 sending message 112 to peer 0x103572690 (13 bytes)
1786477172.022088 sending message 112 to peer 0x103572690 (13 bytes)
1786477172.022091 sending message 112 to peer 0x103572690 (13 bytes)
1786477172.022093 sending message 112 to peer 0x103572690 (12 bytes)
1786477172.022095 sending message 112 to peer 0x103572690 (12 bytes)
1786477172.022098 sending message 112 to peer 0x103572690 (12 bytes)
1786477172.022100 sending message 112 to peer 0x103572690 (8 bytes)
1786477172.022102 sending message 112 to peer 0x103572690 (12 bytes)
1786477172.022105 sending message 112 to peer 0x103572690 (13 bytes)
1786477172.022107 sending message 112 to peer 0x103572690 (13 bytes)
1786477172.022109 sending message 112 to peer 0x103572690 (13 bytes)
1786477172.022111 sending message 112 to peer 0x103572690 (13 bytes)
1786477172.022114 sending message 112 to peer 0x103572690 (13 bytes)
1786477172.022116 sending message 112 to peer 0x103572690 (13 bytes)
1786477172.022118 sending message 112 to peer 0x103572690 (13 bytes)
1786477172.022120 sending message 112 to peer 0x103572690 (13 bytes)
1786477172.022122 sending message 112 to peer 0x103572690 (12 bytes)
1786477172.022125 sending message 112 to peer 0x103572690 (10 bytes)
1786477172.022127 sending message 112 to peer 0x103572690 (12 bytes)
1786477172.022129 sending message 112 to peer 0x103572690 (12 bytes)
1786477172.022131 sending message 112 to peer 0x103572690 (12 bytes)
1786477172.022134 sending message 112 to peer 0x103572690 (13 bytes)
1786477172.022136 sending message 112 to peer 0x103572690 (13 bytes)
1786477172.022138 sending message 112 to peer 0x103572690 (13 bytes)
1786477172.022140 sending message 112 to peer 0x103572690 (13 bytes)
1786477172.022143 sending message 112 to peer 0x103572690 (13 bytes)
1786477172.022145 sending message 112 to peer 0x103572690 (13 bytes)
1786477172.022147 sending message 112 to peer 0x103572690 (13 bytes)
1786477172.022150 sending message 112 to peer 0x103572690 (10 bytes)
1786477172.022153 sending message 112 to peer 0x103572690 (13 bytes)
1786477172.022160 sending message 112 to peer 0x103572690 (12 bytes)
1786477172.022163 sending message 112 to peer 0x103572690 (12 bytes)
1786477172.022166 sending message 112 to peer 0x103572690 (12 bytes)
1786477172.022169 sending message 112 to peer 0x103572690 (10 bytes)
1786477172.022173 sending message 112 to peer 0x103572690 (10 bytes)
1786477172.022175 sending message 112 to peer 0x103572690 (10 bytes)
1786477172.022178 sending message 112 to peer 0x103572690 (12 bytes)
1786477172.022180 sending message 112 to peer 0x103572690 (10 bytes)
1786477172.022182 sending message 112 to peer 0x103572690 (11 bytes)
1786477172.022185 sending message 112 to peer 0x103572690 (11 bytes)
1786477172.022187 sending message 112 to peer 0x103572690 (12 bytes)
1786477172.022189 sending message 112 to peer 0x103572690 (12 bytes)
1786477172.022191 sending message 112 to peer 0x103572690 (10 bytes)
1786477172.022194 sending message 112 to peer 0x103572690 (9 bytes)
1786477172.022196 sending message 112 to peer 0x103572690 (12 bytes)
1786477172.022198 sending message 112 to peer 0x103572690 (9 bytes)
1786477172.022200 sending message 112 to peer 0x103572690 (12 bytes)
1786477172.022202 sending message 112 to peer 0x103572690 (11 bytes)
1786477172.022205 sending message 112 to peer 0x103572690 (12 bytes)
1786477172.022207 sending message 112 to peer 0x103572690 (12 bytes)
1786477172.022209 sending message 112 to peer 0x103572690 (9 bytes)
1786477172.022211 sending message 112 to peer 0x103572690 (6 bytes)
1786477172.022214 sending message 112 to peer 0x103572690 (13 bytes)
1786477172.022216 sending message 112 to peer 0x103572690 (10 bytes)
1786477172.022218 sending message 112 to peer 0x103572690 (15 bytes)
1786477172.022221 sending message 112 to peer 0x103572690 (13 bytes)
1786477172.022223 sending message 112 to peer 0x103572690 (70 bytes)
1786477172.022225 sending message 112 to peer 0x103572690 (69 bytes)
1786477172.022228 sending message 112 to peer 0x103572690 (12 bytes)
1786477172.022230 sending message 112 to peer 0x103572690 (10 bytes)
1786477172.022232 sending message 112 to peer 0x103572690 (10 bytes)
1786477172.022234 sending message 112 to peer 0x103572690 (15 bytes)
1786477172.022237 sending message 112 to peer 0x103572690 (13 bytes)
1786477172.022239 sending message 112 to peer 0x103572690 (10 bytes)
1786477172.022241 sending message 112 to peer 0x103572690 (10 bytes)
1786477172.022243 sending message 112 to peer 0x103572690 (9 bytes)
1786477172.022246 sending message 112 to peer 0x103572690 (15 bytes)
1786477172.022250 sending message 104 to peer 0x103572690 (0 bytes)
1786477172.022253 sending message 110 to peer 0x103572690 (0 bytes)
1786477172.022255 sending message 107 to peer 0x103572690 (4 bytes)
1786477172.022257 sending message 105 to peer 0x103572690 (158 bytes)
1786477172.022260 sending message 105 to peer 0x103572690 (75 bytes)
1786477172.022262 sending message 105 to peer 0x103572690 (21 bytes)
1786477172.022264 sending message 105 to peer 0x103572690 (19 bytes)
1786477172.022267 sending message 105 to peer 0x103572690 (15 bytes)
1786477172.022269 sending message 105 to peer 0x103572690 (57 bytes)
1786477172.022272 sending message 105 to peer 0x103572690 (27 bytes)
1786477172.022274 sending message 105 to peer 0x103572690 (12 bytes)
1786477172.022277 sending message 105 to peer 0x103572690 (22 bytes)
1786477172.022279 sending message 105 to peer 0x103572690 (62 bytes)
1786477172.022282 sending message 105 to peer 0x103572690 (32 bytes)
1786477172.022286 sending message 105 to peer 0x103572690 (500 bytes)
1786477172.022290 sending message 105 to peer 0x103572690 (33 bytes)
1786477172.022292 sending message 105 to peer 0x103572690 (54 bytes)
1786477172.022295 sending message 105 to peer 0x103572690 (43 bytes)
1786477172.022297 sending message 105 to peer 0x103572690 (37 bytes)
1786477172.022299 sending message 105 to peer 0x103572690 (17 bytes)
1786477172.022302 sending message 105 to peer 0x103572690 (14 bytes)
1786477172.022304 sending message 105 to peer 0x103572690 (19 bytes)
1786477172.022306 sending message 105 to peer 0x103572690 (8 bytes)
1786477172.022312 sending message 105 to peer 0x103572690 (19 bytes)
1786477172.022314 sending message 105 to peer 0x103572690 (63 bytes)
1786477172.022317 sending message 105 to peer 0x103572690 (15 bytes)
1786477172.022319 sending message 105 to peer 0x103572690 (98 bytes)
1786477172.022321 sending message 105 to peer 0x103572690 (57 bytes)
1786477172.022324 sending message 105 to peer 0x103572690 (18 bytes)
1786477172.022326 sending message 105 to peer 0x103572690 (24 bytes)
1786477172.022328 sending message 105 to peer 0x103572690 (20 bytes)
1786477172.022331 sending message 105 to peer 0x103572690 (40 bytes)
1786477172.022333 sending message 105 to peer 0x103572690 (30 bytes)
1786477172.022335 sending message 105 to peer 0x103572690 (37 bytes)
1786477172.022337 sending message 105 to peer 0x103572690 (34 bytes)
1786477172.022340 sending message 105 to peer 0x103572690 (1065 bytes)
1786477172.022342 sending message 105 to peer 0x103572690 (60 bytes)
1786477172.022345 sending message 105 to peer 0x103572690 (12 bytes)
1786477172.022347 sending message 105 to peer 0x103572690 (12 bytes)
1786477172.022349 sending message 105 to peer 0x103572690 (26 bytes)
1786477172.022351 sending message 105 to peer 0x103572690 (27 bytes)
1786477172.022354 sending message 105 to peer 0x103572690 (16 bytes)
1786477172.022356 sending message 105 to peer 0x103572690 (54 bytes)
1786477172.022358 sending message 105 to peer 0x103572690 (63 bytes)
1786477172.022360 sending message 105 to peer 0x103572690 (29 bytes)
1786477172.022363 sending message 105 to peer 0x103572690 (11 bytes)
1786477172.022365 sending message 105 to peer 0x103572690 (8 bytes)
1786477172.022367 sending message 105 to peer 0x103572690 (32 bytes)
1786477172.022370 sending message 105 to peer 0x103572690 (96 bytes)
1786477172.022372 sending message 105 to peer 0x103572690 (166 bytes)
1786477172.022374 sending message 105 to peer 0x103572690 (29 bytes)
1786477172.022377 sending message 105 to peer 0x103572690 (19 bytes)
1786477172.022379 sending message 105 to peer 0x103572690 (171 bytes)
1786477172.022381 sending message 105 to peer 0x103572690 (32 bytes)
1786477172.022384 sending message 105 to peer 0x103572690 (16 bytes)
1786477172.022386 sending message 105 to peer 0x103572690 (25 bytes)
1786477172.022389 sending message 106 to peer 0x103572690 (0 bytes)
1786477172.022432 sending message 200 to peer 0x103572690 (4 bytes)
1786477172.022437 client loop enter
1786477172.024907 peer 0x103572690 message 207
1786477172.024922 sending message 208 to peer 0x103572690 (0 bytes)
1786477174.553573 peer 0x103572690 message 203
1786477174.553658 sending message 205 to peer 0x103572690 (0 bytes)
1786477174.554190 peer 0x103572690 message 204
1786477174.554230 client loop exit
